id|name|price|brand|category|stock
7|Kids Cotton Top|15.0|Babyhug|Kids > Tops|70
8|Kids Party Dress|40.0|Allen Solly Junior|Kids > Dress|25
10|Black Jeans|55.0|Polo|Men > Jeans|35
11|Floral Top|28.0|Madame|Women > Tops|40
13|Kids Boys Tshirt|14.0|Kookie Kids|Kids > Tops|90
14|Kids Girls Dress|38.0|Allen Solly Junior|Kids > Dress|20
15|Leather Wallet|50.0|Polo|Accessories|25
18|Wool Scarf|28.0|Mast & Harbour|Accessories|30
21|Mens Casual Shirt|38.0|Mast & Harbour|Men > Tshirts|60
24|Sports Shorts|24.0|Mast & Harbour|Men > Tshirts|70
25|Yoga Pants|40.0|Madame|Women > Tops|38
26|Limited Edition Hoodie|70.0|Polo|Men > Tshirts|-3
29|Maxi Dress|65.0|Madame|Women > Dress|18
30|Kids Sneakers|48.0|Kookie Kids|Kids > Tops|25
