id|first_name|last_name|email|city
1|Orkhan|Aliyev|orkhan@test.az|Baku
4|Leyla|Aliyeva|leyla@test.az|Baku
11|Tural|Hasanov|tural@test.az|Baku
2|Nigar|Mammadova|nigar@test.az|Baku
16|Farid|Quliyev|farid@test.az|Baku
3|Rashad|Huseynov|rashad@test.az|Ganja
18|Ahmad|Salimov|ahmad@test.az|Mingachevir
12|Ayshe|Karimova|ayse@test.az|Sumqayit
