id|name|price
1|Blue Top|25.0
2|Pink Dress|45.0
3|Mens Tshirt|18.0
4|Slim Fit Jeans|60.0
5|Cotton Tshirt|20.0
6|Polo Tshirt|35.0
9|Striped Tshirt|22.0
12|Embroidered Dress|95.0
16|Canvas Bag|32.0
17|Aviator Sunglasses|75.0
19|Summer Hat|22.0
20|Mens Formal Shirt|42.0
22|Womens Blazer|85.0
23|Kids Winter Jacket|65.0
27|Denim Jacket|80.0
28|Knit Sweater|55.0
